// Jest Snapshot v1, https://goo.gl/fbAQLP

exports[`Should display NotFoundPage correctly 1`] = `
<div>
  Error 404! not found! 
  <Link
    to="/"
  >
    Go Home
  </Link>
</div>
`;
